[2026-08-10 17:21:34] cover_growth: LIMIT=1e+09 KMAX=240 llaves=54 workers=28 hitos=[100000, 200000, 500000, 1000000, 2000000, 5000000, 10000000, 20000000, 50000000, 100000000, 200000000, 500000000, 1000000000]
[2026-08-10 17:21:36] HITO N=1e+05: n_hard=273 cover_greedy=7 cover_exact=6 keys=[23, 31, 47, 71, 107, 143]
[2026-08-10 17:21:39] HITO N=2e+05: n_hard=511 cover_greedy=7 cover_exact=6 keys=[23, 31, 47, 71, 107, 143]
[2026-08-10 17:22:16] HITO N=5e+05: n_hard=1246 cover_greedy=8 cover_exact=8 keys=[11, 19, 23, 31, 47, 71, 107, 143]
[2026-08-10 17:25:51] HITO N=1e+06: n_hard=2370 cover_greedy=10 cover_exact=9 keys=[11, 19, 23, 31, 47, 71, 107, 143, 191]
[2026-08-10 17:25:58] HITO N=2e+06: n_hard=4519 cover_greedy=10 cover_exact=None keys=[]
[2026-08-10 17:26:05] HITO N=5e+06: n_hard=10711 cover_greedy=10 cover_exact=None keys=[]
[2026-08-10 17:26:14] HITO N=1e+07: n_hard=20513 cover_greedy=10 cover_exact=None keys=[]
[2026-08-10 17:26:26] HITO N=2e+07: n_hard=39391 cover_greedy=12 cover_exact=None keys=[]
[2026-08-10 17:26:49] HITO N=5e+07: n_hard=93457 cover_greedy=13 cover_exact=None keys=[]
[2026-08-10 17:27:34] HITO N=1e+08: n_hard=179468 cover_greedy=14 cover_exact=None keys=[]
[2026-08-10 17:28:57] HITO N=2e+08: n_hard=345608 cover_greedy=16 cover_exact=None keys=[]
[2026-08-10 17:33:17] HITO N=5e+08: n_hard=822334 cover_greedy=17 cover_exact=None keys=[]
[2026-08-10 19:29:36] REANUDANDO desde p=500000000 (n_hard=822334)
[2026-08-10 19:29:36] cover_growth: LIMIT=1e+09 KMAX=240 llaves=54 workers=10 hitos=[100000, 200000, 500000, 1000000, 2000000, 5000000, 10000000, 20000000, 50000000, 100000000, 200000000, 500000000, 1000000000]
[2026-08-10 19:31:49] HITO N=1e+09: n_hard=1587581 cover_greedy=18 cover_exact=None keys=[]
[2026-08-10 19:31:49] FIN cover_growth hasta 1e+09 en 0.0 h
[2026-08-10 19:47:47] REANUDANDO desde p=1000000000 (n_hard=1587581)
[2026-08-10 19:47:47] cover_growth: LIMIT=1e+12 KMAX=240 llaves=54 workers=10 hitos=[100000, 200000, 500000, 1000000, 2000000, 5000000, 10000000, 20000000, 50000000, 100000000, 200000000, 500000000, 1000000000, 2000000000, 5000000000, 10000000000, 20000000000, 50000000000, 100000000000, 200000000000, 500000000000, 1000000000000]
[2026-08-10 19:52:58] HITO N=2e+09: n_hard=3066791 cover_greedy=18 cover_exact=None keys=[]
[2026-08-10 20:09:05] HITO N=5e+09: n_hard=7339050 cover_greedy=18 cover_exact=None keys=[]
[2026-08-10 20:19:40] REANUDANDO desde p=5000000000 (n_hard=7339050)
[2026-08-10 20:19:40] cover_growth: LIMIT=1e+12 KMAX=240 llaves=54 workers=10 hitos=[100000, 200000, 500000, 1000000, 2000000, 5000000, 10000000, 20000000, 50000000, 100000000, 200000000, 500000000, 1000000000, 2000000000, 5000000000, 10000000000, 20000000000, 50000000000, 100000000000, 200000000000, 500000000000, 1000000000000]
[2026-08-10 20:26:46] REANUDANDO desde p=5000000000 (n_hard=7339050)
[2026-08-10 20:26:46] cover_growth: LIMIT=1e+11 KMAX=240 llaves=54 workers=10 hitos=[100000, 200000, 500000, 1000000, 2000000, 5000000, 10000000, 20000000, 50000000, 100000000, 200000000, 500000000, 1000000000, 2000000000, 5000000000, 10000000000, 20000000000, 50000000000, 100000000000]
[2026-08-10 20:39:23] HITO N=1e+10: n_hard=14215707 cover_greedy=19 cover_exact=None keys=[]
[2026-08-10 21:03:09] HITO N=2e+10: n_hard=27560978 cover_greedy=21 cover_exact=None keys=[]
[2026-08-10 22:11:16] HITO N=5e+10: n_hard=66230481 cover_greedy=21 cover_exact=None keys=[]
[2026-08-11 00:15:36] HITO N=1e+11: n_hard=128671219 cover_greedy=-1 cover_exact=None keys=[]
[2026-08-11 00:15:36] FIN cover_growth hasta 1e+11 en 3.8 h
