[21:10:43] login OK — arrancando 50 problemas (secuencial)
[21:10:43] [1/50] R50-01 Collatz → proyecto proj_01KZFNKXTSBWT65FRMYTRWH29N
[21:14:13] [1/50] R50-01 Collatz → partial_progress en 3.5 min
[21:14:13] [2/50] R50-02 Goldbach fuerte → proyecto proj_01KZFNTB1HYFY17A39YK16K0VH
[21:17:43] [2/50] R50-02 Goldbach fuerte → needs_human_review en 3.5 min
[21:17:43] [3/50] R50-03 Primos gemelos → proyecto proj_01KZFP0RDWTVC1SMDQD1QVYQNZ
[21:20:43] [3/50] R50-03 Primos gemelos → formally_supported en 3.0 min
[21:20:43] [4/50] R50-04 Perfectos impares → proyecto proj_01KZFP68AB1PT8XY33CF4523H7
[21:24:43] [4/50] R50-04 Perfectos impares → needs_human_review en 4.0 min
[21:24:43] [5/50] R50-05 Cuboide perfecto → proyecto proj_01KZFPDJTF2XK0Z6SF5MB3NDCT
[21:49:44] [5/50] R50-05 Cuboide perfecto → TIMEOUT en 25.0 min
[21:49:44] [6/50] R50-06 Erdos-Straus → proyecto proj_01KZFQVCC2ZSBB4XM24FK31EZQ
[21:53:44] [6/50] R50-06 Erdos-Straus → formally_supported en 4.0 min
[21:53:44] [7/50] R50-07 Gamma irracional → proyecto proj_01KZFR2PWPBVYYBYE29VVTMR9V
[21:57:14] [7/50] R50-07 Gamma irracional → needs_human_review en 3.5 min
[21:57:14] [8/50] R50-08 Pi normal → proyecto proj_01KZFR943670BVWJ2E167JMF77
[22:01:14] [8/50] R50-08 Pi normal → needs_human_review en 4.0 min
[22:01:14] [9/50] R50-09 Brocard-Ramanujan → proyecto proj_01KZFRGEM42TQDC8PEWSN3YNAM
[22:05:15] [9/50] R50-09 Brocard-Ramanujan → needs_human_review en 4.0 min
[22:05:15] [10/50] R50-10 Erdos-Moser → proyecto proj_01KZFRQS4G0HPP074SDSWMKB8P
[22:10:15] [10/50] R50-10 Erdos-Moser → needs_human_review en 5.0 min
[22:10:15] [11/50] R50-11 Legendre → proyecto proj_01KZFS0Y9CZNK430R4DKR3JFHQ
[22:14:15] [11/50] R50-11 Legendre → needs_human_review en 4.0 min
[22:14:15] [12/50] R50-12 Cramer → proyecto proj_01KZFS88T35NGJWEH4820SKHTN
[22:17:45] [12/50] R50-12 Cramer → needs_human_review en 3.5 min
[22:17:45] [13/50] R50-13 Lehmer totiente → proyecto proj_01KZFSEP0R9TJM9WV1GFS0QVP3
[22:21:15] [13/50] R50-13 Lehmer totiente → needs_human_review en 3.5 min
[22:21:15] [14/50] R50-14 Beal → proyecto proj_01KZFSN3BWVNTMD9W0WFQSRF5K
[22:24:45] [14/50] R50-14 Beal → needs_human_review en 3.5 min
[22:24:45] [15/50] R50-15 Fermat-Catalan → proyecto proj_01KZFSVGJKM1FQH5SAXCSEB8CF
[22:29:46] [15/50] R50-15 Fermat-Catalan → needs_human_review en 5.0 min
[22:29:46] [16/50] R50-16 Hadamard matrices → proyecto proj_01KZFT4NPX1C4J9X5EJHWS04E9
[22:33:46] [16/50] R50-16 Hadamard matrices → dropped en 4.0 min
[22:33:46] [17/50] R50-17 Corredor solitario → proyecto proj_01KZFTC0YH44X41S6Y8GPG6J9F
[22:38:48] [17/50] R50-17 Corredor solitario → needs_human_review en 5.0 min
[22:38:48] [18/50] R50-18 Frankl union-cerrada → proyecto proj_01KZFTN72RW66KXWMY3TEBA63G
[22:44:49] [18/50] R50-18 Frankl union-cerrada → needs_human_review en 6.0 min
[22:44:49] [19/50] R50-19 Happy Ending exacto → proyecto proj_01KZFV07YQY36GDVXXS55YZH8P
[22:50:20] [19/50] R50-19 Happy Ending exacto → needs_human_review en 5.5 min
[22:50:20] [20/50] R50-20 Hadwiger-Nelson → proyecto proj_01KZFVAB9AN4Y8KYGQXNH11KY9
[22:57:51] [20/50] R50-20 Hadwiger-Nelson → needs_human_review en 7.5 min
[22:57:51] [21/50] R50-21 Reconstruccion grafos → proyecto proj_01KZFVR3E4RBMJ66TRKB5QXYE3
[23:01:51] [21/50] R50-21 Reconstruccion grafos → needs_human_review en 4.0 min
[23:01:51] [22/50] R50-22 Caccetta-Haggkvist → proyecto proj_01KZFVZE86JE6Q3RDZ4CA7DGC0
[23:06:21] [22/50] R50-22 Caccetta-Haggkvist → needs_human_review en 4.5 min
[23:06:21] [23/50] R50-23 Hadwiger grafos → proyecto proj_01KZFW7P3G8NR4EMVWT6G8J0EH
[23:10:22] [23/50] R50-23 Hadwiger grafos → needs_human_review en 4.0 min
[23:10:22] [24/50] R50-24 Erdos-Hajnal → proyecto proj_01KZFWF0MXDJHNYVRDGD2YK4WB
[23:14:22] [24/50] R50-24 Erdos-Hajnal → needs_human_review en 4.0 min
[23:14:22] [25/50] R50-25 Sidorenko → proyecto proj_01KZFWPB70YHY1DH01VNBQ4EBE
[23:19:52] [25/50] R50-25 Sidorenko → needs_human_review en 5.5 min
[23:19:52] [26/50] R50-26 Falconer → proyecto proj_01KZFX0DNVGD6PXZYB1ZZJB31S
[23:25:22] [26/50] R50-26 Falconer → needs_human_review en 5.5 min
[23:25:22] [27/50] R50-27 Kakeya d>=4 → proyecto proj_01KZFXAG4FR6SH6PVW215RG192
[23:29:52] [27/50] R50-27 Kakeya d>=4 → needs_human_review en 4.5 min
[23:29:52] [28/50] R50-28 Restriccion de Stein → proyecto proj_01KZFXJQZMT8G7Q0VNM91XHWG7
[23:36:53] [28/50] R50-28 Restriccion de Stein → needs_human_review en 7.0 min
[23:36:53] [29/50] R50-29 Littlewood → proyecto proj_01KZFXZJC3A8523114AKACBJQ8
[23:40:53] [29/50] R50-29 Littlewood → needs_human_review en 4.0 min
[23:40:53] [30/50] R50-30 Elliott-Halberstam → proyecto proj_01KZFY6X29VJ01BYNAX3X65SD7
[23:45:53] [30/50] R50-30 Elliott-Halberstam → needs_human_review en 5.0 min
[23:45:53] [31/50] R50-31 Chowla → proyecto proj_01KZFYG26SJEYNK7289NVZGW5K
[23:49:23] [31/50] R50-31 Chowla → needs_human_review en 3.5 min
[23:49:23] [32/50] R50-32 Sarnak-Mobius → proyecto proj_01KZFYPFF3KJR4W445M13DX2M8
[23:54:24] [32/50] R50-32 Sarnak-Mobius → needs_human_review en 5.0 min
[23:54:24] [33/50] R50-33 Lindelof → proyecto proj_01KZFYZMMGJ74CMS4539Q4KWSJ
[23:58:24] [33/50] R50-33 Lindelof → needs_human_review en 4.0 min
[23:58:24] [34/50] R50-34 Cuatro exponenciales → proyecto proj_01KZFZ6Z68TJMV5QFHH63R88VW
[00:02:24] [34/50] R50-34 Cuatro exponenciales → needs_human_review en 4.0 min
[00:02:24] [35/50] R50-35 Schanuel → proyecto proj_01KZFZE9PV3JSR23PNEFDR035K
[00:06:54] [35/50] R50-35 Schanuel → needs_human_review en 4.5 min
[00:06:54] [36/50] R50-36 Galois inverso → proyecto proj_01KZFZPHJXXP76C2YW27J8MHQ5
[00:10:54] [36/50] R50-36 Galois inverso → needs_human_review en 4.0 min
[00:10:54] [37/50] R50-37 Hilbert 10 sobre Q → proyecto proj_01KZFZXW3S1QSVKDFE18F2QQ23
[00:14:55] [37/50] R50-37 Hilbert 10 sobre Q → needs_human_review en 4.0 min
[00:14:55] [38/50] R50-38 Jacobiano JC2 → proyecto proj_01KZG056VEGH6634QQ9QCKXC4P
[00:19:25] [38/50] R50-38 Jacobiano JC2 → needs_human_review en 4.5 min
[00:19:25] [39/50] R50-39 Poincare suave 4D → proyecto proj_01KZG0DEP6R1GG8E3NAD2M8NY2
[00:23:55] [39/50] R50-39 Poincare suave 4D → needs_human_review en 4.5 min
[00:23:55] [40/50] R50-40 Andrews-Curtis → proyecto proj_01KZG0NPJFR42EEGQKR99SQ6GH
[00:28:25] [40/50] R50-40 Andrews-Curtis → needs_human_review en 4.5 min
[00:28:25] [41/50] R50-41 Hilbert-Smith → proyecto proj_01KZG0XYEP04P4WXR7G3909654
[00:32:55] [41/50] R50-41 Hilbert-Smith → needs_human_review en 4.5 min
[00:32:55] [42/50] R50-42 Cannon → proyecto proj_01KZG166C3V84H62DS3FQFPA8H
[00:37:26] [42/50] R50-42 Cannon → needs_human_review en 4.5 min
[00:37:26] [43/50] R50-43 Tate → proyecto proj_01KZG1EE889GEQE8TVA10BTE7S
[00:41:26] [43/50] R50-43 Tate → needs_human_review en 4.0 min
[00:41:26] [44/50] R50-44 Bombieri-Lang → proyecto proj_01KZG1NRS4FMTKDTGQWPDTV2K5
[00:45:26] [44/50] R50-44 Bombieri-Lang → needs_human_review en 4.0 min
[00:45:26] [45/50] R50-45 Riemann → proyecto proj_01KZG1X39RPRXEHTKEW8BV4YHE
[00:49:26] [45/50] R50-45 Riemann → needs_human_review en 4.0 min
[00:49:26] [46/50] R50-46 P vs NP → proyecto proj_01KZG24DVNY5M2GGJWH8XTATQM
[00:53:27] [46/50] R50-46 P vs NP → needs_human_review en 4.0 min
[00:53:27] [47/50] R50-47 BSD → proyecto proj_01KZG2BRKSWQTRMM6NP8K8JX4M
[00:57:27] [47/50] R50-47 BSD → needs_human_review en 4.0 min
[00:57:27] [48/50] R50-48 Hodge → proyecto proj_01KZG2K34J1FX06011EG4D0FD7
[01:01:57] [48/50] R50-48 Hodge → needs_human_review en 4.5 min
[01:01:57] [49/50] R50-49 Navier-Stokes → proyecto proj_01KZG2VB0J7V60V004F7ZTJZ0H
[01:06:27] [49/50] R50-49 Navier-Stokes → needs_human_review en 4.5 min
[01:06:27] [50/50] R50-50 Yang-Mills → proyecto proj_01KZG33JW9KDRVJSJZNTVPDS6E
[01:10:57] [50/50] R50-50 Yang-Mills → needs_human_review en 4.5 min
[01:10:57] RETO 50 COMPLETO — todos los problemas procesados
